
> star-web@0.1.0 build
> next build

  ▲ Next.js 14.2.35

   Creating an optimized production build ...
 ✓ Compiled successfully
   Linting and checking validity of types ...
   Collecting page data ...
   Generating static pages (0/7) ...
   Generating static pages (1/7) 
   Generating static pages (3/7) 
   Generating static pages (5/7) 
 ✓ Generating static pages (7/7)
   Finalizing page optimization ...
   Collecting build traces ...

Route (app)                              Size     First Load JS
┌ ○ /                                    2.88 kB         287 kB
├ ○ /_not-found                          876 B          88.8 kB
├ ƒ /api/collect                         0 B                0 B
├ ƒ /api/seed                            0 B                0 B
├ ○ /narrative-map                       108 kB          383 kB
├ ƒ /project/[id]                        9.48 kB         292 kB
└ ○ /replay-lab                          44.4 kB         327 kB
+ First Load JS shared by all            87.9 kB
  ├ chunks/117-fcd9cdd6a5d160da.js       31.9 kB
  ├ chunks/fd9d1056-4713906b7fc873f6.js  53.6 kB
  └ other shared chunks (total)          2.36 kB


○  (Static)   prerendered as static content
ƒ  (Dynamic)  server-rendered on demand

